[backblue.gif]
[fade.gif]
[index.html]
[gondalinfra.com/images/transparent logo.png]
[gondalinfra.com/images/1765002045232.jpeg]
[gondalinfra.com/images/1765109061102.jpg]
[gondalinfra.com/images/1765197013511.png]
[gondalinfra.com/images/1781863726381.jpeg]
[gondalinfra.com/images/1781868801952.jpeg]
[gondalinfra.com/images/1782130034198.png]
[gondalinfra.com/images/mg1.webp]
[gondalinfra.com/images/mg2.webp]
[gondalinfra.com/images/mg3.webp]
[gondalinfra.com/images/MobileContainer2.webp]
[gondalinfra.com/images/Link.webp]
[gondalinfra.com/images/Link2.webp]
[gondalinfra.com/images/gpay.webp]
[gondalinfra.com/images/paytm.webp]
[gondalinfra.com/images/phonepe.webp]
[gondalinfra.com/images/2.webp]
[gondalinfra.com/images/3.png]
[gondalinfra.com/images/4.png]
[gondalinfra.com/images/5.png]
[gondalinfra.com/images/6.webp]
[gondalinfra.com/images/7.jpg]
[gondalinfra.com/images/1.png]
[gondalinfra.com/index.html]
[gondalinfra.com/images/0c8dd457-6ebd-441d-94ad-0e70a2e9c8cb.png]
[gondalinfra.com/images/ead79b43-5dda-4bfc-9730-d5e5b4e680ab.png]
[gondalinfra.com/images/banner.png]
[gondalinfra.com/style.css]
[cdnjs.cloudflare.com/ajax/libs/font-awesome/6.5.1/css/all.min.css]
[gondalinfra.com/logo.html]
[gondalinfra.com/building-icon.html]
[gondalinfra.com/user1.html]
[gondalinfra.com/user2.html]
[gondalinfra.com/user3.html]
[gondalinfra.com/script.js]
